<?xml version="1.0" encoding="UTF-8"?>
<TestRun id="3e15980b-41f0-4650-8790-592f409055c2" name="Wayne@WAYNE-PC 2014-11-10 18:48:05" runUser="Wayne-PC\Wayne" xmlns="http://microsoft.com/schemas/VisualStudio/TeamTest/2010">
  <TestSettings name="Default Test Settings" id="b66d2d31-a85d-4816-a835-c4c11d21b1ff">
    <Deployment runDeploymentRoot="Wayne_WAYNE-PC 2014-11-10 18_48_05">
      <DeploymentItem filename="C:\Users\Wayne\Desktop\SE-Solution\Traders Marketplace\Traders Marketplace\bin\Traders Marketplace.dll" />
    </Deployment>
    <Execution>
      <TestTypeSpecific />
      <AgentRule name="Execution Agents">
      </AgentRule>
    </Execution>
  </TestSettings>
  <Times creation="2014-11-10T18:48:05.3390377+01:00" queuing="2014-11-10T18:48:09.4682739+01:00" start="2014-11-10T18:48:10.4463299+01:00" finish="2014-11-10T18:48:11.7904067+01:00" />
  <ResultSummary outcome="Completed">
    <Counters total="2" executed="2" passed="2" error="0" failed="0" timeout="0" aborted="0" inconclusive="0" passedButRunAborted="0" notRunnable="0" notExecuted="0" disconnected="0" warning="0" completed="0" inProgress="0" pending="0" />
  </ResultSummary>
  <TestDefinitions>
    <UnitTest name="Index" storage="c:\users\wayne\desktop\se-solution\traders marketplace\traders marketplace.tests\bin\debug\traders marketplace.tests.dll" id="fd67c041-2ff1-0b59-3b64-08218efd1613">
      <Execution id="54fce34a-79fd-4979-bb32-483c4b5e30d7" />
      <TestMethod codeBase="C:/Users/Wayne/Desktop/SE-Solution/Traders Marketplace/Traders Marketplace.Tests/bin/Debug/Traders Marketplace.Tests.DLL" adapterTypeName="Microsoft.VisualStudio.TestTools.TestTypes.Unit.UnitTestAdapter, Microsoft.VisualStudio.QualityTools.Tips.UnitTest.Adapter, Version=10.0.0.0, Culture=neutral, PublicKeyToken=b03f5f7f11d50a3a" className="Traders_Marketplace.Tests.Controllers.HomeControllerTest, Traders Marketplace.Tests, Version=1.0.0.0, Culture=neutral, PublicKeyToken=null" name="Index" />
    </UnitTest>
    <UnitTest name="About" storage="c:\users\wayne\desktop\se-solution\traders marketplace\traders marketplace.tests\bin\debug\traders marketplace.tests.dll" id="618f3ae5-e1f1-4fd1-2427-a6c39328a474">
      <Execution id="e6732f49-837f-4be3-b0b9-811cd37eda46" />
      <TestMethod codeBase="C:/Users/Wayne/Desktop/SE-Solution/Traders Marketplace/Traders Marketplace.Tests/bin/Debug/Traders Marketplace.Tests.DLL" adapterTypeName="Microsoft.VisualStudio.TestTools.TestTypes.Unit.UnitTestAdapter, Microsoft.VisualStudio.QualityTools.Tips.UnitTest.Adapter, Version=10.0.0.0, Culture=neutral, PublicKeyToken=b03f5f7f11d50a3a" className="Traders_Marketplace.Tests.Controllers.HomeControllerTest, Traders Marketplace.Tests, Version=1.0.0.0, Culture=neutral, PublicKeyToken=null" name="About" />
    </UnitTest>
  </TestDefinitions>
  <TestLists>
    <TestList name="Results Not in a List" id="8c84fa94-04c1-424b-9868-57a2d4851a1d" />
    <TestList name="All Loaded Results" id="19431567-8539-422a-85d7-44ee4e166bda" />
  </TestLists>
  <TestEntries>
    <TestEntry testId="618f3ae5-e1f1-4fd1-2427-a6c39328a474" executionId="e6732f49-837f-4be3-b0b9-811cd37eda46" testListId="8c84fa94-04c1-424b-9868-57a2d4851a1d" />
    <TestEntry testId="fd67c041-2ff1-0b59-3b64-08218efd1613" executionId="54fce34a-79fd-4979-bb32-483c4b5e30d7" testListId="8c84fa94-04c1-424b-9868-57a2d4851a1d" />
  </TestEntries>
  <Results>
    <UnitTestResult executionId="e6732f49-837f-4be3-b0b9-811cd37eda46" testId="618f3ae5-e1f1-4fd1-2427-a6c39328a474" testName="About" computerName="WAYNE-PC" duration="00:00:00.0234077" startTime="2014-11-10T18:48:10.6723428+01:00" endTime="2014-11-10T18:48:11.3683826+01:00" testType="13cdc9d9-ddb5-4fa4-a97d-d965ccfc6d4b" outcome="Passed" testListId="8c84fa94-04c1-424b-9868-57a2d4851a1d" relativeResultsDirectory="e6732f49-837f-4be3-b0b9-811cd37eda46">
    </UnitTestResult>
    <UnitTestResult executionId="54fce34a-79fd-4979-bb32-483c4b5e30d7" testId="fd67c041-2ff1-0b59-3b64-08218efd1613" testName="Index" computerName="WAYNE-PC" duration="00:00:00.2910453" startTime="2014-11-10T18:48:11.3693826+01:00" endTime="2014-11-10T18:48:11.6633995+01:00" testType="13cdc9d9-ddb5-4fa4-a97d-d965ccfc6d4b" outcome="Passed" testListId="8c84fa94-04c1-424b-9868-57a2d4851a1d" relativeResultsDirectory="54fce34a-79fd-4979-bb32-483c4b5e30d7">
    </UnitTestResult>
  </Results>
</TestRun>